// Jest Snapshot v1, https://goo.gl/fbAQLP

exports[`FitAlgorithm for the same input, the output remains consistent 1`] = `
[
  {
    "a": 15.811388300841896,
    "b": 6.324555320336759,
  },
  {
    "a": 9.486832980505138,
    "b": 4.743416490252569,
  },
  {
    "a": 11.067971810589327,
    "b": 1.8973665961010278,
  },
  {
    "a": 7.58946638440411,
    "b": 7.905694150420949,
  },
  {
    "a": 3.162277660168378,
    "b": 7.589466384404113,
  },
]
`;
